{
	"render tests": {
		"first test": [
			"<div></div>"
		],
		"nothing 1": [
			""
		],
		"nothing 2": [
			""
		],
		"nothing 3": [
			""
		],
		"nothing 4": [
			""
		],
		"text 1": [
			"12345"
		],
		"text 2": [
			"abcde"
		],
		"text 3": [
			"&lt;div&gt;&lt;/div&gt;"
		],
		"children!": [
			"<div>Hello there!</div>"
		],
		"children 2": [
			"<div><span></span></div>"
		],
		"array": [
			"abcd"
		],
		"array 2": [
			"abcd"
		],
		"array 3": [
			"abc<div></div>d"
		],
		"prop-children": [
			"<div><div></div></div>"
		],
		"attribs": [
			"<div class=\"huh\"><span style=\"color: black;\">Hey hey hey</span></div>"
		],
		"props": [
			"<div tabindex=\"3\"></div>"
		],
		"component": [
			"<div></div>"
		],
		"component with props": [
			"<span><div>wow</div></span>"
		]
	}
}
